
> invoice-processing-ui@1.0.0 build
> react-scripts build

(node:32644) [DEP0176] DeprecationWarning: fs.F_OK is deprecated, use fs.constants.F_OK instead
(Use `node --trace-deprecation ...` to show where the warning was created)
Creating an optimized production build...
Compiled with warnings.

[eslint] 
src\pages\InvoiceDetailPage.js
  Line 22:11:  'user' is assigned a value but never used  no-unused-vars

src\pages\InvoiceListPage.js
  Line 27:11:  'user' is assigned a value but never used  no-unused-vars

Search for the keywords to learn more about each warning.
To ignore, add // eslint-disable-next-line to the line before.

File sizes after gzip:

  422.48 kB  build\static\js\main.f219757b.js
  732 B      build\static\css\main.546f1b52.css

The project was built assuming it is hosted at /.
You can control this with the homepage field in your package.json.

The build folder is ready to be deployed.
You may serve it with a static server:

  npm install -g serve
  serve -s build

Find out more about deployment here:

  https://cra.link/deployment

